C:\POO java\PEDs\src\main\java\Controller\InterfaceMenuController.java
C:\POO java\PEDs\src\main\java\Controller\InterfaceMenuDisciplinaController.java
C:\POO java\PEDs\src\main\java\Model\Model.java
C:\POO java\PEDs\src\main\java\View\InterfaceMenuDisciplina.java
C:\POO java\PEDs\src\main\java\Model\Professor.java
C:\POO java\PEDs\src\main\java\View\Observer.java
C:\POO java\PEDs\src\main\java\App\Main.java
C:\POO java\PEDs\src\main\java\View\InterfaceMenu.java
C:\POO java\PEDs\src\main\java\Controller\InterfaceLoginController.java
C:\POO java\PEDs\src\main\java\Model\Aula.java
C:\POO java\PEDs\src\main\java\Model\Disciplina.java
C:\POO java\PEDs\src\main\java\Model\Usuario.java
C:\POO java\PEDs\src\main\java\View\InterfaceCadastro.java
C:\POO java\PEDs\src\main\java\Controller\InterfaceExibirDisciplinaController.java
C:\POO java\PEDs\src\main\java\View\InterfaceLogin.java
C:\POO java\PEDs\src\main\java\View\Graficos.java
C:\POO java\PEDs\src\main\java\View\InterfaceMenuPED.java
C:\POO java\PEDs\src\main\java\Controller\InterfaceExibirPEDsController.java
C:\POO java\PEDs\src\main\java\View\InterfaceExibirDisciplina.java
C:\POO java\PEDs\src\main\java\Controller\InterfaceMenuPEDController.java
C:\POO java\PEDs\src\main\java\Model\PED.java
C:\POO java\PEDs\src\main\java\View\InterfaceExibirPEDs.java
C:\POO java\PEDs\src\main\java\Controller\InterfaceCadastroController.java
